******************************************************************************
                  TI ARM Linker PC v20.2.3                     
******************************************************************************
>> Linked Tue Nov 24 15:36:32 2020

OUTPUT FILE NAME:   <SysTickTest.out>
ENTRY POINT SYMBOL: "_c_int00_noargs"  address: 00000315


MEMORY CONFIGURATION

         name            origin    length      used     unused   attr    fill
----------------------  --------  ---------  --------  --------  ----  --------
  FLASH                 00000000   00040000  0000038c  0003fc74  R  X
  SRAM                  20000000   00008000  0000020c  00007df4  RW X


SEGMENT ALLOCATION MAP

run origin  load origin   length   init length attrs members
----------  ----------- ---------- ----------- ----- -------
00000000    00000000    0000038c   0000038c    r-x
  00000000    00000000    0000026c   0000026c    r-- .intvecs
  0000026c    0000026c    0000010c   0000010c    r-x .text
  00000378    00000378    00000014   00000014    r-- .cinit
20000000    20000000    0000020c   00000000    rw-
  20000000    20000000    00000200   00000000    rw- .stack
  20000200    20000200    0000000c   00000000    rw- .bss


SECTION ALLOCATION MAP

 output                                  attributes/
section   page    origin      length       input sections
--------  ----  ----------  ----------   ----------------
.intvecs   0    00000000    0000026c     
                  00000000    0000026c     tm4c123gh6pm_startup_ccs.obj (.intvecs)

.text      0    0000026c    0000010c     
                  0000026c    00000064     main.obj (.text)
                  000002d0    00000044     rtsv7M4_T_le_v4SPD16_eabi.lib : autoinit.c.obj (.text:__TI_auto_init_nobinit_nopinit:__TI_auto_init_nobinit_nopinit)
                  00000314    00000034                                   : boot_cortex_m.c.obj (.text:_c_int00_noargs:_c_int00_noargs)
                  00000348    0000001c                                   : copy_zero_init.c.obj (.text:decompress:ZI:__TI_zero_init_nomemset:__TI_zero_init_nomemset)
                  00000364    0000000c     tm4c123gh6pm_startup_ccs.obj (.text)
                  00000370    00000004     rtsv7M4_T_le_v4SPD16_eabi.lib : pre_init.c.obj (.text:_system_pre_init)
                  00000374    00000004                                   : exit.c.obj (.text:abort:abort)

.cinit     0    00000378    00000014     
                  00000378    00000008     (.cinit..bss.load) [load image, compression = zero_init]
                  00000380    00000004     (__TI_handler_table)
                  00000384    00000008     (__TI_cinit_table)

.init_array 
*          0    00000000    00000000     UNINITIALIZED

.bss       0    20000200    0000000c     UNINITIALIZED
                  20000200    00000004     (.common:elapsed)
                  20000204    00000004     (.common:last)
                  20000208    00000004     (.common:now)

.stack     0    20000000    00000200     UNINITIALIZED
                  20000000    00000004     rtsv7M4_T_le_v4SPD16_eabi.lib : boot_cortex_m.c.obj (.stack)
                  20000004    000001fc     --HOLE--

__llvm_prf_cnts 
*          0    20000000    00000000     UNINITIALIZED

MODULE SUMMARY

       Module                         code   ro data   rw data
       ------                         ----   -------   -------
    .\
       tm4c123gh6pm_startup_ccs.obj   12     620       0      
       main.obj                       100    0         12     
    +--+------------------------------+------+---------+---------+
       Total:                         112    620       12     
                                                              
    C:\ti\ccs1011\ccs\tools\compiler\ti-cgt-arm_20.2.3.LTS\lib\rtsv7M4_T_le_v4SPD16_eabi.lib
       autoinit.c.obj                 68     0         0      
       boot_cortex_m.c.obj            52     0         0      
       copy_zero_init.c.obj           28     0         0      
       exit.c.obj                     4      0         0      
       pre_init.c.obj                 4      0         0      
    +--+------------------------------+------+---------+---------+
       Total:                         156    0         0      
                                                              
       Stack:                         0      0         512    
       Linker Generated:              0      20        0      
    +--+------------------------------+------+---------+---------+
       Grand Total:                   268    640       524    


LINKER GENERATED COPY TABLES

__TI_cinit_table @ 00000384 records: 1, size/record: 8, table size: 8
	.bss: load addr=00000378, load size=00000008 bytes, run addr=20000200, run size=0000000c bytes, compression=zero_init


LINKER GENERATED HANDLER TABLE

__TI_handler_table @ 00000380 records: 1, size/record: 4, table size: 4
	index: 0, handler: __TI_zero_init


GLOBAL SYMBOLS: SORTED ALPHABETICALLY BY Name 

address   name                          
-------   ----                          
00000289  Action                        
00000375  C$$EXIT                       
00000365  ResetISR                      
0000026d  SysTick_Init                  
20000200  __STACK_END                   
00000200  __STACK_SIZE                  
20000200  __STACK_TOP                   
00000384  __TI_CINIT_Base               
0000038c  __TI_CINIT_Limit              
00000380  __TI_Handler_Table_Base       
00000384  __TI_Handler_Table_Limit      
000002d1  __TI_auto_init_nobinit_nopinit
ffffffff  __TI_pprof_out_hndl           
ffffffff  __TI_prof_data_size           
ffffffff  __TI_prof_data_start          
00000000  __TI_static_base__            
00000349  __TI_zero_init_nomemset       
ffffffff  __binit__                     
ffffffff  __c_args__                    
UNDEFED   __mpu_init                    
20000000  __stack                       
20000000  __start___llvm_prf_cnts       
20000000  __stop___llvm_prf_cnts        
00000315  _c_int00_noargs               
UNDEFED   _system_post_cinit            
00000371  _system_pre_init              
00000375  abort                         
ffffffff  binit                         
20000200  elapsed                       
00000000  g_pfnVectors                  
20000204  last                          
000002ad  main                          
20000208  now                           


GLOBAL SYMBOLS: SORTED BY Symbol Address 

address   name                          
-------   ----                          
00000000  __TI_static_base__            
00000000  g_pfnVectors                  
00000200  __STACK_SIZE                  
0000026d  SysTick_Init                  
00000289  Action                        
000002ad  main                          
000002d1  __TI_auto_init_nobinit_nopinit
00000315  _c_int00_noargs               
00000349  __TI_zero_init_nomemset       
00000365  ResetISR                      
00000371  _system_pre_init              
00000375  C$$EXIT                       
00000375  abort                         
00000380  __TI_Handler_Table_Base       
00000384  __TI_CINIT_Base               
00000384  __TI_Handler_Table_Limit      
0000038c  __TI_CINIT_Limit              
20000000  __stack                       
20000000  __start___llvm_prf_cnts       
20000000  __stop___llvm_prf_cnts        
20000200  __STACK_END                   
20000200  __STACK_TOP                   
20000200  elapsed                       
20000204  last                          
20000208  now                           
ffffffff  __TI_pprof_out_hndl           
ffffffff  __TI_prof_data_size           
ffffffff  __TI_prof_data_start          
ffffffff  __binit__                     
ffffffff  __c_args__                    
ffffffff  binit                         
UNDEFED   __mpu_init                    
UNDEFED   _system_post_cinit            

[33 symbols]
